// Jest Snapshot v1, https://goo.gl/fbAQLP

exports[`App component renders App 1`] = `
<DocumentFragment>
  <div>
    This is the Header
  </div>
  <h1>
    Loading
  </h1>
</DocumentFragment>
`;
